2026-01-06 00:00:01.688 GMT [24354] user=[unknown] db=[unknown] app=[unknown] client=[local] LOG:  connection received: host=[local]
2026-01-06 00:00:11.971 GMT [24362] user=[unknown] db=[unknown] app=[unknown] client=[local] LOG:  connection received: host=[local]
2026-01-06 00:00:22.105 GMT [24369] user=[unknown] db=[unknown] app=[unknown] client=[local] LOG:  connection received: host=[local]
2026-01-06 00:00:32.307 GMT [24377] user=[unknown] db=[unknown] app=[unknown] client=[local] LOG:  connection received: host=[local]
2026-01-06 00:00:42.677 GMT [24384] user=[unknown] db=[unknown] app=[unknown] client=[local] LOG:  connection received: host=[local]
2026-01-06 00:00:52.964 GMT [24392] user=[unknown] db=[unknown] app=[unknown] client=[local] LOG:  connection received: host=[local]
2026-01-06 00:01:03.392 GMT [24399] user=[unknown] db=[unknown] app=[unknown] client=[local] LOG:  connection received: host=[local]
2026-01-06 00:01:13.691 GMT [24407] user=[unknown] db=[unknown] app=[unknown] client=[local] LOG:  connection received: host=[local]
2026-01-06 00:01:23.982 GMT [24414] user=[unknown] db=[unknown] app=[unknown] client=[local] LOG:  connection received: host=[local]
2026-01-06 00:01:34.285 GMT [24422] user=[unknown] db=[unknown] app=[unknown] client=[local] LOG:  connection received: host=[local]
2026-01-06 00:01:44.486 GMT [24429] user=[unknown] db=[unknown] app=[unknown] client=[local] LOG:  connection received: host=[local]
2026-01-06 00:01:54.626 GMT [24437] user=[unknown] db=[unknown] app=[unknown] client=[local] LOG:  connection received: host=[local]
2026-01-06 00:02:04.898 GMT [24444] user=[unknown] db=[unknown] app=[unknown] client=[local] LOG:  connection received: host=[local]
2026-01-06 00:02:15.211 GMT [24452] user=[unknown] db=[unknown] app=[unknown] client=[local] LOG:  connection received: host=[local]
2026-01-06 00:02:25.500 GMT [24459] user=[unknown] db=[unknown] app=[unknown] client=[local] LOG:  connection received: host=[local]
2026-01-06 00:02:35.785 GMT [24468] user=[unknown] db=[unknown] app=[unknown] client=[local] LOG:  connection received: host=[local]
2026-01-06 00:02:45.941 GMT [24475] user=[unknown] db=[unknown] app=[unknown] client=[local] LOG:  connection received: host=[local]
2026-01-06 00:02:56.242 GMT [24484] user=[unknown] db=[unknown] app=[unknown] client=[local] LOG:  connection received: host=[local]
2026-01-06 00:03:06.521 GMT [24491] user=[unknown] db=[unknown] app=[unknown] client=[local] LOG:  connection received: host=[local]
2026-01-06 00:03:16.801 GMT [24499] user=[unknown] db=[unknown] app=[unknown] client=[local] LOG:  connection received: host=[local]
2026-01-06 00:03:27.100 GMT [24507] user=[unknown] db=[unknown] app=[unknown] client=[local] LOG:  connection received: host=[local]
2026-01-06 00:03:37.416 GMT [24515] user=[unknown] db=[unknown] app=[unknown] client=[local] LOG:  connection received: host=[local]
2026-01-06 00:03:47.715 GMT [24523] user=[unknown] db=[unknown] app=[unknown] client=[local] LOG:  connection received: host=[local]
2026-01-06 00:03:57.903 GMT [24531] user=[unknown] db=[unknown] app=[unknown] client=[local] LOG:  connection received: host=[local]
2026-01-06 00:04:08.175 GMT [24538] user=[unknown] db=[unknown] app=[unknown] client=[local] LOG:  connection received: host=[local]
2026-01-06 00:04:18.418 GMT [24546] user=[unknown] db=[unknown] app=[unknown] client=[local] LOG:  connection received: host=[local]
2026-01-06 00:04:28.706 GMT [24553] user=[unknown] db=[unknown] app=[unknown] client=[local] LOG:  connection received: host=[local]
2026-01-06 00:04:39.049 GMT [24562] user=[unknown] db=[unknown] app=[unknown] client=[local] LOG:  connection received: host=[local]
2026-01-06 00:04:49.275 GMT [24569] user=[unknown] db=[unknown] app=[unknown] client=[local] LOG:  connection received: host=[local]
2026-01-06 00:04:59.585 GMT [24578] user=[unknown] db=[unknown] app=[unknown] client=[local] LOG:  connection received: host=[local]
2026-01-06 00:05:09.798 GMT [24585] user=[unknown] db=[unknown] app=[unknown] client=[local] LOG:  connection received: host=[local]
2026-01-06 00:05:20.038 GMT [24593] user=[unknown] db=[unknown] app=[unknown] client=[local] LOG:  connection received: host=[local]
2026-01-06 00:05:30.348 GMT [24600] user=[unknown] db=[unknown] app=[unknown] client=[local] LOG:  connection received: host=[local]
2026-01-06 00:05:40.626 GMT [24609] user=[unknown] db=[unknown] app=[unknown] client=[local] LOG:  connection received: host=[local]
2026-01-06 00:05:50.890 GMT [24617] user=[unknown] db=[unknown] app=[unknown] client=[local] LOG:  connection received: host=[local]
2026-01-06 00:06:01.249 GMT [24625] user=[unknown] db=[unknown] app=[unknown] client=[local] LOG:  connection received: host=[local]
2026-01-06 00:06:11.532 GMT [24632] user=[unknown] db=[unknown] app=[unknown] client=[local] LOG:  connection received: host=[local]
2026-01-06 00:06:21.792 GMT [24641] user=[unknown] db=[unknown] app=[unknown] client=[local] LOG:  connection received: host=[local]
2026-01-06 00:06:32.159 GMT [24649] user=[unknown] db=[unknown] app=[unknown] client=[local] LOG:  connection received: host=[local]
2026-01-06 00:06:42.424 GMT [24656] user=[unknown] db=[unknown] app=[unknown] client=[local] LOG:  connection received: host=[local]
2026-01-06 00:06:52.749 GMT [24664] user=[unknown] db=[unknown] app=[unknown] client=[local] LOG:  connection received: host=[local]
2026-01-06 00:07:03.030 GMT [24671] user=[unknown] db=[unknown] app=[unknown] client=[local] LOG:  connection received: host=[local]
2026-01-06 00:07:13.301 GMT [24680] user=[unknown] db=[unknown] app=[unknown] client=[local] LOG:  connection received: host=[local]
2026-01-06 00:07:23.636 GMT [24687] user=[unknown] db=[unknown] app=[unknown] client=[local] LOG:  connection received: host=[local]
2026-01-06 00:07:33.901 GMT [24696] user=[unknown] db=[unknown] app=[unknown] client=[local] LOG:  connection received: host=[local]
2026-01-06 00:07:44.175 GMT [24704] user=[unknown] db=[unknown] app=[unknown] client=[local] LOG:  connection received: host=[local]
2026-01-06 00:07:54.382 GMT [24712] user=[unknown] db=[unknown] app=[unknown] client=[local] LOG:  connection received: host=[local]
2026-01-06 00:08:04.674 GMT [24719] user=[unknown] db=[unknown] app=[unknown] client=[local] LOG:  connection received: host=[local]
2026-01-06 00:08:15.009 GMT [24727] user=[unknown] db=[unknown] app=[unknown] client=[local] LOG:  connection received: host=[local]
2026-01-06 00:08:25.342 GMT [24734] user=[unknown] db=[unknown] app=[unknown] client=[local] LOG:  connection received: host=[local]
2026-01-06 00:08:35.650 GMT [24742] user=[unknown] db=[unknown] app=[unknown] client=[local] LOG:  connection received: host=[local]
2026-01-06 00:08:45.931 GMT [24749] user=[unknown] db=[unknown] app=[unknown] client=[local] LOG:  connection received: host=[local]
2026-01-06 00:08:56.273 GMT [24757] user=[unknown] db=[unknown] app=[unknown] client=[local] LOG:  connection received: host=[local]
2026-01-06 00:09:06.461 GMT [24764] user=[unknown] db=[unknown] app=[unknown] client=[local] LOG:  connection received: host=[local]
2026-01-06 00:09:16.785 GMT [24773] user=[unknown] db=[unknown] app=[unknown] client=[local] LOG:  connection received: host=[local]
2026-01-06 00:09:27.074 GMT [24780] user=[unknown] db=[unknown] app=[unknown] client=[local] LOG:  connection received: host=[local]
2026-01-06 00:09:37.292 GMT [24788] user=[unknown] db=[unknown] app=[unknown] client=[local] LOG:  connection received: host=[local]
2026-01-06 00:09:47.574 GMT [24796] user=[unknown] db=[unknown] app=[unknown] client=[local] LOG:  connection received: host=[local]
2026-01-06 00:09:57.728 GMT [24804] user=[unknown] db=[unknown] app=[unknown] client=[local] LOG:  connection received: host=[local]
2026-01-06 00:10:08.026 GMT [24811] user=[unknown] db=[unknown] app=[unknown] client=[local] LOG:  connection received: host=[local]
2026-01-06 00:10:18.325 GMT [24819] user=[unknown] db=[unknown] app=[unknown] client=[local] LOG:  connection received: host=[local]
2026-01-06 00:10:28.529 GMT [24826] user=[unknown] db=[unknown] app=[unknown] client=[local] LOG:  connection received: host=[local]
2026-01-06 00:10:41.726 GMT [24834] user=[unknown] db=[unknown] app=[unknown] client=[local] LOG:  connection received: host=[local]
2026-01-06 00:18:39.104 GMT [24835] user=[unknown] db=[unknown] app=[unknown] client=172.18.0.4 LOG:  connection received: host=172.18.0.4 port=46354
2026-01-06 00:18:39.589 GMT [24835] user=worker db=apidb app=[unknown] client=172.18.0.4 LOG:  connection authenticated: identity="worker" method=scram-sha-256 (/etc/postgresql/pg_hba.conf:5)
2026-01-06 00:18:39.609 GMT [24835] user=worker db=apidb app=[unknown] client=172.18.0.4 LOG:  connection authorized: user=worker database=apidb
2026-01-06 00:18:42.992 GMT [24843] user=[unknown] db=[unknown] app=[unknown] client=[local] LOG:  connection received: host=[local]
2026-01-06 00:18:53.152 GMT [24850] user=[unknown] db=[unknown] app=[unknown] client=[local] LOG:  connection received: host=[local]
2026-01-06 00:19:03.493 GMT [24858] user=[unknown] db=[unknown] app=[unknown] client=[local] LOG:  connection received: host=[local]
2026-01-06 00:19:13.704 GMT [24865] user=[unknown] db=[unknown] app=[unknown] client=[local] LOG:  connection received: host=[local]
2026-01-06 00:19:23.951 GMT [24873] user=[unknown] db=[unknown] app=[unknown] client=[local] LOG:  connection received: host=[local]
2026-01-06 00:19:34.098 GMT [24880] user=[unknown] db=[unknown] app=[unknown] client=[local] LOG:  connection received: host=[local]
2026-01-06 00:19:44.498 GMT [24888] user=[unknown] db=[unknown] app=[unknown] client=[local] LOG:  connection received: host=[local]
2026-01-06 00:19:54.655 GMT [24895] user=[unknown] db=[unknown] app=[unknown] client=[local] LOG:  connection received: host=[local]
2026-01-06 00:20:02.980 GMT [24835] user=worker db=apidb app=[unknown] client=172.18.0.4 LOG:  disconnection: session time: 0:01:23.877 user=worker database=apidb host=172.18.0.4 port=46354
2026-01-06 00:20:04.892 GMT [24903] user=[unknown] db=[unknown] app=[unknown] client=[local] LOG:  connection received: host=[local]
2026-01-06 00:20:15.199 GMT [24910] user=[unknown] db=[unknown] app=[unknown] client=[local] LOG:  connection received: host=[local]
2026-01-06 00:20:25.545 GMT [24918] user=[unknown] db=[unknown] app=[unknown] client=[local] LOG:  connection received: host=[local]
2026-01-06 00:20:35.847 GMT [24925] user=[unknown] db=[unknown] app=[unknown] client=[local] LOG:  connection received: host=[local]
2026-01-06 00:20:46.129 GMT [24933] user=[unknown] db=[unknown] app=[unknown] client=[local] LOG:  connection received: host=[local]
2026-01-06 00:20:56.477 GMT [24940] user=[unknown] db=[unknown] app=[unknown] client=[local] LOG:  connection received: host=[local]
2026-01-06 00:21:06.808 GMT [24948] user=[unknown] db=[unknown] app=[unknown] client=[local] LOG:  connection received: host=[local]
2026-01-06 00:21:17.102 GMT [24955] user=[unknown] db=[unknown] app=[unknown] client=[local] LOG:  connection received: host=[local]
2026-01-06 00:21:27.468 GMT [24963] user=[unknown] db=[unknown] app=[unknown] client=[local] LOG:  connection received: host=[local]
2026-01-06 00:21:37.755 GMT [24971] user=[unknown] db=[unknown] app=[unknown] client=[local] LOG:  connection received: host=[local]
2026-01-06 00:21:48.057 GMT [24979] user=[unknown] db=[unknown] app=[unknown] client=[local] LOG:  connection received: host=[local]
2026-01-06 00:21:58.201 GMT [24986] user=[unknown] db=[unknown] app=[unknown] client=[local] LOG:  connection received: host=[local]
2026-01-06 00:22:08.551 GMT [24994] user=[unknown] db=[unknown] app=[unknown] client=[local] LOG:  connection received: host=[local]
2026-01-06 00:22:18.788 GMT [25002] user=[unknown] db=[unknown] app=[unknown] client=[local] LOG:  connection received: host=[local]
2026-01-06 00:22:29.185 GMT [25010] user=[unknown] db=[unknown] app=[unknown] client=[local] LOG:  connection received: host=[local]
2026-01-06 00:22:39.585 GMT [25017] user=[unknown] db=[unknown] app=[unknown] client=[local] LOG:  connection received: host=[local]
2026-01-06 00:22:49.900 GMT [25025] user=[unknown] db=[unknown] app=[unknown] client=[local] LOG:  connection received: host=[local]
2026-01-06 00:23:00.248 GMT [25032] user=[unknown] db=[unknown] app=[unknown] client=[local] LOG:  connection received: host=[local]
2026-01-06 00:23:10.618 GMT [25040] user=[unknown] db=[unknown] app=[unknown] client=[local] LOG:  connection received: host=[local]
2026-01-06 00:23:20.929 GMT [25047] user=[unknown] db=[unknown] app=[unknown] client=[local] LOG:  connection received: host=[local]
2026-01-06 00:23:31.238 GMT [25056] user=[unknown] db=[unknown] app=[unknown] client=[local] LOG:  connection received: host=[local]
2026-01-06 00:23:41.544 GMT [25063] user=[unknown] db=[unknown] app=[unknown] client=[local] LOG:  connection received: host=[local]
2026-01-06 00:23:51.711 GMT [25071] user=[unknown] db=[unknown] app=[unknown] client=[local] LOG:  connection received: host=[local]
2026-01-06 00:24:02.059 GMT [25078] user=[unknown] db=[unknown] app=[unknown] client=[local] LOG:  connection received: host=[local]
2026-01-06 00:24:12.392 GMT [25086] user=[unknown] db=[unknown] app=[unknown] client=[local] LOG:  connection received: host=[local]
2026-01-06 00:24:22.584 GMT [25093] user=[unknown] db=[unknown] app=[unknown] client=[local] LOG:  connection received: host=[local]
2026-01-06 00:24:32.762 GMT [25101] user=[unknown] db=[unknown] app=[unknown] client=[local] LOG:  connection received: host=[local]
2026-01-06 00:24:42.945 GMT [25109] user=[unknown] db=[unknown] app=[unknown] client=[local] LOG:  connection received: host=[local]
2026-01-06 00:24:53.363 GMT [25116] user=[unknown] db=[unknown] app=[unknown] client=[local] LOG:  connection received: host=[local]
2026-01-06 00:25:03.677 GMT [25124] user=[unknown] db=[unknown] app=[unknown] client=[local] LOG:  connection received: host=[local]
2026-01-06 00:25:13.946 GMT [25131] user=[unknown] db=[unknown] app=[unknown] client=[local] LOG:  connection received: host=[local]
2026-01-06 00:25:24.245 GMT [25139] user=[unknown] db=[unknown] app=[unknown] client=[local] LOG:  connection received: host=[local]
2026-01-06 00:25:34.526 GMT [25146] user=[unknown] db=[unknown] app=[unknown] client=[local] LOG:  connection received: host=[local]
2026-01-06 00:25:44.709 GMT [25154] user=[unknown] db=[unknown] app=[unknown] client=[local] LOG:  connection received: host=[local]
2026-01-06 00:25:55.066 GMT [25161] user=[unknown] db=[unknown] app=[unknown] client=[local] LOG:  connection received: host=[local]
2026-01-06 00:26:05.255 GMT [25169] user=[unknown] db=[unknown] app=[unknown] client=[local] LOG:  connection received: host=[local]
2026-01-06 00:26:15.593 GMT [25176] user=[unknown] db=[unknown] app=[unknown] client=[local] LOG:  connection received: host=[local]
2026-01-06 00:26:25.966 GMT [25184] user=[unknown] db=[unknown] app=[unknown] client=[local] LOG:  connection received: host=[local]
2026-01-06 00:26:36.291 GMT [25191] user=[unknown] db=[unknown] app=[unknown] client=[local] LOG:  connection received: host=[local]
2026-01-06 00:26:46.617 GMT [25199] user=[unknown] db=[unknown] app=[unknown] client=[local] LOG:  connection received: host=[local]
2026-01-06 00:26:56.934 GMT [25206] user=[unknown] db=[unknown] app=[unknown] client=[local] LOG:  connection received: host=[local]
2026-01-06 00:27:07.306 GMT [25214] user=[unknown] db=[unknown] app=[unknown] client=[local] LOG:  connection received: host=[local]
2026-01-06 00:27:17.666 GMT [25221] user=[unknown] db=[unknown] app=[unknown] client=[local] LOG:  connection received: host=[local]
2026-01-06 00:27:27.880 GMT [25229] user=[unknown] db=[unknown] app=[unknown] client=[local] LOG:  connection received: host=[local]
2026-01-06 00:27:38.286 GMT [25236] user=[unknown] db=[unknown] app=[unknown] client=[local] LOG:  connection received: host=[local]
2026-01-06 00:27:48.630 GMT [25244] user=[unknown] db=[unknown] app=[unknown] client=[local] LOG:  connection received: host=[local]
2026-01-06 00:27:59.094 GMT [25252] user=[unknown] db=[unknown] app=[unknown] client=[local] LOG:  connection received: host=[local]
2026-01-06 00:28:09.387 GMT [25260] user=[unknown] db=[unknown] app=[unknown] client=[local] LOG:  connection received: host=[local]
2026-01-06 00:28:19.735 GMT [25267] user=[unknown] db=[unknown] app=[unknown] client=[local] LOG:  connection received: host=[local]
2026-01-06 00:28:30.062 GMT [25275] user=[unknown] db=[unknown] app=[unknown] client=[local] LOG:  connection received: host=[local]
2026-01-06 00:28:40.215 GMT [25282] user=[unknown] db=[unknown] app=[unknown] client=[local] LOG:  connection received: host=[local]
2026-01-06 00:28:50.513 GMT [25290] user=[unknown] db=[unknown] app=[unknown] client=[local] LOG:  connection received: host=[local]
2026-01-06 00:29:00.819 GMT [25297] user=[unknown] db=[unknown] app=[unknown] client=[local] LOG:  connection received: host=[local]
2026-01-06 00:29:11.019 GMT [25305] user=[unknown] db=[unknown] app=[unknown] client=[local] LOG:  connection received: host=[local]
2026-01-06 00:29:21.213 GMT [25312] user=[unknown] db=[unknown] app=[unknown] client=[local] LOG:  connection received: host=[local]
2026-01-06 00:29:31.435 GMT [25320] user=[unknown] db=[unknown] app=[unknown] client=[local] LOG:  connection received: host=[local]
2026-01-06 00:29:41.569 GMT [25327] user=[unknown] db=[unknown] app=[unknown] client=[local] LOG:  connection received: host=[local]
2026-01-06 00:29:51.886 GMT [25336] user=[unknown] db=[unknown] app=[unknown] client=[local] LOG:  connection received: host=[local]
2026-01-06 00:30:02.168 GMT [25343] user=[unknown] db=[unknown] app=[unknown] client=[local] LOG:  connection received: host=[local]
2026-01-06 00:30:12.478 GMT [25351] user=[unknown] db=[unknown] app=[unknown] client=[local] LOG:  connection received: host=[local]
2026-01-06 00:30:22.843 GMT [25359] user=[unknown] db=[unknown] app=[unknown] client=[local] LOG:  connection received: host=[local]
2026-01-06 00:30:33.104 GMT [25367] user=[unknown] db=[unknown] app=[unknown] client=[local] LOG:  connection received: host=[local]
2026-01-06 00:30:43.439 GMT [25375] user=[unknown] db=[unknown] app=[unknown] client=[local] LOG:  connection received: host=[local]
2026-01-06 00:30:53.802 GMT [25382] user=[unknown] db=[unknown] app=[unknown] client=[local] LOG:  connection received: host=[local]
2026-01-06 00:31:04.138 GMT [25391] user=[unknown] db=[unknown] app=[unknown] client=[local] LOG:  connection received: host=[local]
2026-01-06 00:31:14.399 GMT [25398] user=[unknown] db=[unknown] app=[unknown] client=[local] LOG:  connection received: host=[local]
2026-01-06 00:31:24.782 GMT [25406] user=[unknown] db=[unknown] app=[unknown] client=[local] LOG:  connection received: host=[local]
2026-01-06 00:31:35.061 GMT [25413] user=[unknown] db=[unknown] app=[unknown] client=[local] LOG:  connection received: host=[local]
2026-01-06 00:31:45.252 GMT [25422] user=[unknown] db=[unknown] app=[unknown] client=[local] LOG:  connection received: host=[local]
2026-01-06 00:31:55.631 GMT [25430] user=[unknown] db=[unknown] app=[unknown] client=[local] LOG:  connection received: host=[local]
2026-01-06 00:32:05.758 GMT [25438] user=[unknown] db=[unknown] app=[unknown] client=[local] LOG:  connection received: host=[local]
2026-01-06 00:32:16.072 GMT [25445] user=[unknown] db=[unknown] app=[unknown] client=[local] LOG:  connection received: host=[local]
2026-01-06 00:32:26.391 GMT [25453] user=[unknown] db=[unknown] app=[unknown] client=[local] LOG:  connection received: host=[local]
2026-01-06 00:32:36.704 GMT [25460] user=[unknown] db=[unknown] app=[unknown] client=[local] LOG:  connection received: host=[local]
2026-01-06 00:32:46.890 GMT [25468] user=[unknown] db=[unknown] app=[unknown] client=[local] LOG:  connection received: host=[local]
2026-01-06 00:32:57.207 GMT [25475] user=[unknown] db=[unknown] app=[unknown] client=[local] LOG:  connection received: host=[local]
2026-01-06 00:33:07.498 GMT [25483] user=[unknown] db=[unknown] app=[unknown] client=[local] LOG:  connection received: host=[local]
2026-01-06 00:33:17.779 GMT [25490] user=[unknown] db=[unknown] app=[unknown] client=[local] LOG:  connection received: host=[local]
2026-01-06 00:33:28.105 GMT [25498] user=[unknown] db=[unknown] app=[unknown] client=[local] LOG:  connection received: host=[local]
2026-01-06 00:33:38.386 GMT [25505] user=[unknown] db=[unknown] app=[unknown] client=[local] LOG:  connection received: host=[local]
2026-01-06 00:33:48.758 GMT [25513] user=[unknown] db=[unknown] app=[unknown] client=[local] LOG:  connection received: host=[local]
2026-01-06 00:33:58.992 GMT [25520] user=[unknown] db=[unknown] app=[unknown] client=[local] LOG:  connection received: host=[local]
2026-01-06 00:34:09.188 GMT [25528] user=[unknown] db=[unknown] app=[unknown] client=[local] LOG:  connection received: host=[local]
2026-01-06 00:34:19.504 GMT [25535] user=[unknown] db=[unknown] app=[unknown] client=[local] LOG:  connection received: host=[local]
2026-01-06 00:34:29.851 GMT [25543] user=[unknown] db=[unknown] app=[unknown] client=[local] LOG:  connection received: host=[local]
2026-01-06 00:34:40.067 GMT [25551] user=[unknown] db=[unknown] app=[unknown] client=[local] LOG:  connection received: host=[local]
2026-01-06 00:34:50.429 GMT [25559] user=[unknown] db=[unknown] app=[unknown] client=[local] LOG:  connection received: host=[local]
2026-01-06 00:35:00.755 GMT [25566] user=[unknown] db=[unknown] app=[unknown] client=[local] LOG:  connection received: host=[local]
2026-01-06 00:35:10.945 GMT [25574] user=[unknown] db=[unknown] app=[unknown] client=[local] LOG:  connection received: host=[local]
2026-01-06 00:35:21.254 GMT [25581] user=[unknown] db=[unknown] app=[unknown] client=[local] LOG:  connection received: host=[local]
2026-01-06 00:35:31.571 GMT [25589] user=[unknown] db=[unknown] app=[unknown] client=[local] LOG:  connection received: host=[local]
2026-01-06 00:35:41.878 GMT [25597] user=[unknown] db=[unknown] app=[unknown] client=[local] LOG:  connection received: host=[local]
2026-01-06 00:35:52.193 GMT [25605] user=[unknown] db=[unknown] app=[unknown] client=[local] LOG:  connection received: host=[local]
2026-01-06 00:36:02.460 GMT [25612] user=[unknown] db=[unknown] app=[unknown] client=[local] LOG:  connection received: host=[local]
2026-01-06 00:36:12.766 GMT [25620] user=[unknown] db=[unknown] app=[unknown] client=[local] LOG:  connection received: host=[local]
2026-01-06 00:36:22.982 GMT [25627] user=[unknown] db=[unknown] app=[unknown] client=[local] LOG:  connection received: host=[local]
2026-01-06 00:36:33.347 GMT [25635] user=[unknown] db=[unknown] app=[unknown] client=[local] LOG:  connection received: host=[local]
2026-01-06 00:36:43.700 GMT [25643] user=[unknown] db=[unknown] app=[unknown] client=[local] LOG:  connection received: host=[local]
2026-01-06 00:36:53.972 GMT [25650] user=[unknown] db=[unknown] app=[unknown] client=[local] LOG:  connection received: host=[local]
2026-01-06 00:37:04.354 GMT [25658] user=[unknown] db=[unknown] app=[unknown] client=[local] LOG:  connection received: host=[local]
2026-01-06 00:37:14.652 GMT [25665] user=[unknown] db=[unknown] app=[unknown] client=[local] LOG:  connection received: host=[local]
2026-01-06 00:37:24.832 GMT [25673] user=[unknown] db=[unknown] app=[unknown] client=[local] LOG:  connection received: host=[local]
2026-01-06 00:37:35.052 GMT [25680] user=[unknown] db=[unknown] app=[unknown] client=[local] LOG:  connection received: host=[local]
2026-01-06 00:37:45.297 GMT [25689] user=[unknown] db=[unknown] app=[unknown] client=[local] LOG:  connection received: host=[local]
2026-01-06 00:37:55.472 GMT [25696] user=[unknown] db=[unknown] app=[unknown] client=[local] LOG:  connection received: host=[local]
2026-01-06 00:38:05.786 GMT [25704] user=[unknown] db=[unknown] app=[unknown] client=[local] LOG:  connection received: host=[local]
2026-01-06 00:38:16.096 GMT [25711] user=[unknown] db=[unknown] app=[unknown] client=[local] LOG:  connection received: host=[local]
2026-01-06 00:38:26.399 GMT [25719] user=[unknown] db=[unknown] app=[unknown] client=[local] LOG:  connection received: host=[local]
2026-01-06 00:38:36.572 GMT [25726] user=[unknown] db=[unknown] app=[unknown] client=[local] LOG:  connection received: host=[local]
2026-01-06 01:50:24.624 GMT [25734] user=[unknown] db=[unknown] app=[unknown] client=[local] LOG:  connection received: host=[local]
2026-01-07 03:29:08.088 GMT [25742] user=[unknown] db=[unknown] app=[unknown] client=[local] LOG:  connection received: host=[local]
